----------- REQUEST -----------
Message:              
----------- RESPONSE -----------
Message Length: 0
Size: 4
Chunk: &  
Message Length: 0
Size: 290
Chunk:          <?xml version="1.0" encoding="UTF-8"?>
<!DOCTYPE plist PUBLIC "-//Apple//DTD PLIST 1.0//EN" "http://www.apple.com/DTDs/PropertyList-1.0.dtd">
<plist version="1.0">
<dict>
	<key>MessageType</key>
	<string>Result</string>
	<key>Number</key>
	<integer>6</integer>
</dict>
</plist>
----------- REQUEST -----------
Message: Š           <?xml version="1.0" encoding="UTF-8"?>
<!DOCTYPE plist PUBLIC "-//Apple//DTD PLIST 1.0//EN" "http://www.apple.com/DTDs/PropertyList-1.0.dtd">
<plist version="1.0">
  <dict>
    <key>ClientVersionString</key>
    <string>usbmux.py by marcan</string>
    <key>MessageType</key>
    <string>Listen</string>
    <key>ProgName</key>
    <string>tcprelay</string>
  </dict>
</plist>

----------- RESPONSE -----------
Message Length: 0
Size: 4
Chunk: &  
Message Length: 0
Size: 290
Chunk:          <?xml version="1.0" encoding="UTF-8"?>
<!DOCTYPE plist PUBLIC "-//Apple//DTD PLIST 1.0//EN" "http://www.apple.com/DTDs/PropertyList-1.0.dtd">
<plist version="1.0">
<dict>
	<key>MessageType</key>
	<string>Result</string>
	<key>Number</key>
	<integer>0</integer>
</dict>
</plist>
Waiting for devices...
Devices: 
